../Core/Src/main.c:70:5:main	8	static,ignoring_inline_asm
../Core/Src/main.c:120:6:SystemClock_Config	88	static
../Core/Src/main.c:167:13:MX_CAN1_Init	48	static
../Core/Src/main.c:217:13:MX_TIM1_Init	40	static
../Core/Src/main.c:264:13:MX_GPIO_Init	32	static
../Core/Src/main.c:284:10:COUNT_COS	4	static
../Core/Src/main.c:287:6:TransmitFlag	40	static
../Core/Src/main.c:299:6:HAL_CAN_TxMailbox0CompleteCallback	16	static
../Core/Src/main.c:303:6:HAL_CAN_RxFifo0MsgPendingCallback	56	static
../Core/Src/main.c:322:6:Error_Handler	4	static
